cz/deriva/commons/utils/ReflectionUtils.class
cz/deriva/commons/exceptions/NotYetImplementedException.class
cz/deriva/commons/communication/websocket/config/AbstractWebsocketConnectionConfig.class
cz/deriva/commons/utils/ObjectUtils.class
cz/deriva/commons/data/dto/PercentStructure.class
cz/deriva/commons/utils/DateTimeUtils.class
cz/deriva/commons/utils/CryptoUtils.class
cz/deriva/commons/utils/StringUtils.class
cz/deriva/commons/exceptions/BaseExceptionCodes.class
cz/deriva/commons/data/repository/IdGenerationStrategy.class
cz/deriva/commons/exceptions/ExceptionTypesChild.class
cz/deriva/commons/transformation/ZonedDateTimedAttributeConverter.class
cz/deriva/commons/utils/MathUtils.class
cz/deriva/commons/data/dto/BaseDto.class
cz/deriva/commons/communication/websocket/client/AbstractSpringWebsocketClient.class
cz/deriva/commons/exceptions/ForbiddenException.class
cz/deriva/commons/data/persistence/BaseEntity.class
cz/deriva/commons/data/domain/RecordId.class
cz/deriva/commons/data/repository/UniqueTimestampIdGenerator.class
cz/deriva/commons/utils/ExceptionUtils.class
cz/deriva/commons/transformation/ObjectMapperInitializator$1.class
cz/deriva/commons/data/repository/BaseRepository.class
cz/deriva/commons/transformation/ObjectMapperInitializator$LocalDateParser.class
cz/deriva/commons/communication/websocket/client/WebsocketManager.class
cz/deriva/commons/utils/AssertUtils.class
cz/deriva/commons/exceptions/NotSupportedOperationException.class
cz/deriva/commons/data/domain/Entity.class
cz/deriva/commons/transformation/AbstractIdDatabaseAttributeConverter.class
cz/deriva/commons/transformation/ObjectMapperInitializator$MyLocalDateTimeParser.class
cz/deriva/commons/communication/websocket/config/ApiKeyWebsocketConnectionConfig.class
cz/deriva/commons/exceptions/BaseExceptionTypes.class
cz/deriva/commons/Main.class
cz/deriva/commons/data/domain/ValueObject.class
cz/deriva/commons/data/dto/DisplayableEntity.class
cz/deriva/commons/data/repository/RemoveableRepository.class
cz/deriva/commons/exceptions/EntityNotFoundException.class
cz/deriva/commons/communication/websocket/dto/WebsocketMessageReceivedEvent.class
cz/deriva/commons/exceptions/ErrorResponse.class
cz/deriva/commons/exceptions/ProcessingDataErrorException.class
cz/deriva/commons/exceptions/RecordNotFoundException.class
cz/deriva/commons/communication/websocket/dto/WebsocketMessage.class
cz/deriva/commons/communication/websocket/client/AbstractSpringWebsocketHandler.class
cz/deriva/commons/transformation/ObjectMapperInitializator$ZoneDateTimeWithoutTimezoneStringDeserializer.class
cz/deriva/commons/exceptions/ValidationSpringException.class
cz/deriva/commons/communication/websocket/client/SystemEventMessageManager.class
cz/deriva/commons/communication/websocket/client/AbstractWebsocketClientFactory.class
cz/deriva/commons/transformation/ObjectMapperInitializator$ZoneDateTimeWithoutTimezoneString.class
cz/deriva/commons/transformation/JsonResponseCustomSerializer.class
cz/deriva/commons/transformation/ObjectMapperInitializator.class
cz/deriva/commons/data/domain/ActionType.class
cz/deriva/commons/utils/HttpUtils.class
cz/deriva/commons/exceptions/MyResponseEntity.class
cz/deriva/commons/exceptions/ErrorResponseEnvelope.class
cz/deriva/commons/exceptions/AbstractApplicationException.class
cz/deriva/commons/communication/websocket/client/MessageManager.class
cz/deriva/commons/transformation/JsonIdSerializer.class
cz/deriva/commons/utils/ComparisonUtils.class
cz/deriva/commons/exceptions/InvalidStateException.class
cz/deriva/commons/communication/websocket/dto/WebsocketMessageType.class
cz/deriva/commons/data/Builder.class
cz/deriva/commons/utils/ValidationUtils.class
