/Users/jirka/IdeaProjects/deriva-commons/src/main/java/cz/deriva/commons/data/domain/Entity.java
/Users/jirka/IdeaProjects/deriva-commons/src/main/java/cz/deriva/commons/data/repository/BaseRepository.java
/Users/jirka/IdeaProjects/deriva-commons/src/main/java/cz/deriva/commons/utils/StringUtils.java
/Users/jirka/IdeaProjects/deriva-commons/src/main/java/cz/deriva/commons/exceptions/RecordNotFoundException.java
/Users/jirka/IdeaProjects/deriva-commons/src/main/java/cz/deriva/commons/exceptions/BaseExceptionTypes.java
/Users/jirka/IdeaProjects/deriva-commons/src/main/java/cz/deriva/commons/exceptions/BaseExceptionCodes.java
/Users/jirka/IdeaProjects/deriva-commons/src/main/java/cz/deriva/commons/utils/CryptoUtils.java
/Users/jirka/IdeaProjects/deriva-commons/src/main/java/cz/deriva/commons/data/dto/PercentStructure.java
/Users/jirka/IdeaProjects/deriva-commons/src/main/java/cz/deriva/commons/exceptions/ProcessingDataErrorException.java
/Users/jirka/IdeaProjects/deriva-commons/src/main/java/cz/deriva/commons/utils/MathUtils.java
/Users/jirka/IdeaProjects/deriva-commons/src/main/java/cz/deriva/commons/exceptions/NotSupportedOperationException.java
/Users/jirka/IdeaProjects/deriva-commons/src/main/java/cz/deriva/commons/data/dto/DisplayableEntity.java
/Users/jirka/IdeaProjects/deriva-commons/src/main/java/cz/deriva/commons/utils/HttpUtils.java
/Users/jirka/IdeaProjects/deriva-commons/src/main/java/cz/deriva/commons/exceptions/ErrorResponse.java
/Users/jirka/IdeaProjects/deriva-commons/src/main/java/cz/deriva/commons/exceptions/ValidationSpringException.java
/Users/jirka/IdeaProjects/deriva-commons/src/main/java/cz/deriva/commons/exceptions/InvalidStateException.java
/Users/jirka/IdeaProjects/deriva-commons/src/main/java/cz/deriva/commons/communication/websocket/dto/WebsocketMessageType.java
/Users/jirka/IdeaProjects/deriva-commons/src/main/java/cz/deriva/commons/communication/websocket/dto/WebsocketMessage.java
/Users/jirka/IdeaProjects/deriva-commons/src/main/java/cz/deriva/commons/communication/websocket/client/AbstractSpringWebsocketHandler.java
/Users/jirka/IdeaProjects/deriva-commons/src/main/java/cz/deriva/commons/data/repository/IdGenerationStrategy.java
/Users/jirka/IdeaProjects/deriva-commons/src/main/java/cz/deriva/commons/exceptions/ForbiddenException.java
/Users/jirka/IdeaProjects/deriva-commons/src/main/java/cz/deriva/commons/data/repository/RemoveableRepository.java
/Users/jirka/IdeaProjects/deriva-commons/src/main/java/cz/deriva/commons/communication/websocket/client/MessageManager.java
/Users/jirka/IdeaProjects/deriva-commons/src/main/java/cz/deriva/commons/data/Builder.java
/Users/jirka/IdeaProjects/deriva-commons/src/main/java/cz/deriva/commons/utils/ReflectionUtils.java
/Users/jirka/IdeaProjects/deriva-commons/src/main/java/cz/deriva/commons/communication/websocket/client/AbstractSpringWebsocketClient.java
/Users/jirka/IdeaProjects/deriva-commons/src/main/java/cz/deriva/commons/data/domain/ValueObject.java
/Users/jirka/IdeaProjects/deriva-commons/src/main/java/cz/deriva/commons/data/domain/RecordId.java
/Users/jirka/IdeaProjects/deriva-commons/src/main/java/cz/deriva/commons/data/persistence/BaseEntity.java
/Users/jirka/IdeaProjects/deriva-commons/src/main/java/cz/deriva/commons/exceptions/MyResponseEntity.java
/Users/jirka/IdeaProjects/deriva-commons/src/main/java/cz/deriva/commons/communication/websocket/client/SystemEventMessageManager.java
/Users/jirka/IdeaProjects/deriva-commons/src/main/java/cz/deriva/commons/communication/websocket/config/AbstractWebsocketConnectionConfig.java
/Users/jirka/IdeaProjects/deriva-commons/src/main/java/cz/deriva/commons/data/repository/UniqueTimestampIdGenerator.java
/Users/jirka/IdeaProjects/deriva-commons/src/main/java/cz/deriva/commons/transformation/JsonIdSerializer.java
/Users/jirka/IdeaProjects/deriva-commons/src/main/java/cz/deriva/commons/data/dto/BaseDto.java
/Users/jirka/IdeaProjects/deriva-commons/src/main/java/cz/deriva/commons/transformation/ZonedDateTimedAttributeConverter.java
/Users/jirka/IdeaProjects/deriva-commons/src/main/java/cz/deriva/commons/utils/ExceptionUtils.java
/Users/jirka/IdeaProjects/deriva-commons/src/main/java/cz/deriva/commons/utils/ValidationUtils.java
/Users/jirka/IdeaProjects/deriva-commons/src/main/java/cz/deriva/commons/utils/DateTimeUtils.java
/Users/jirka/IdeaProjects/deriva-commons/src/main/java/cz/deriva/commons/utils/ComparisonUtils.java
/Users/jirka/IdeaProjects/deriva-commons/src/main/java/cz/deriva/commons/communication/websocket/client/AbstractWebsocketClientFactory.java
/Users/jirka/IdeaProjects/deriva-commons/src/main/java/cz/deriva/commons/exceptions/NotYetImplementedException.java
/Users/jirka/IdeaProjects/deriva-commons/src/main/java/cz/deriva/commons/transformation/JsonResponseCustomSerializer.java
/Users/jirka/IdeaProjects/deriva-commons/src/main/java/cz/deriva/commons/transformation/AbstractIdDatabaseAttributeConverter.java
/Users/jirka/IdeaProjects/deriva-commons/src/main/java/cz/deriva/commons/utils/ObjectUtils.java
/Users/jirka/IdeaProjects/deriva-commons/src/main/java/cz/deriva/commons/communication/websocket/config/ApiKeyWebsocketConnectionConfig.java
/Users/jirka/IdeaProjects/deriva-commons/src/main/java/cz/deriva/commons/exceptions/ExceptionTypesChild.java
/Users/jirka/IdeaProjects/deriva-commons/src/main/java/cz/deriva/commons/exceptions/AbstractApplicationException.java
/Users/jirka/IdeaProjects/deriva-commons/src/main/java/cz/deriva/commons/Main.java
/Users/jirka/IdeaProjects/deriva-commons/src/main/java/cz/deriva/commons/transformation/ObjectMapperInitializator.java
/Users/jirka/IdeaProjects/deriva-commons/src/main/java/cz/deriva/commons/exceptions/ErrorResponseEnvelope.java
/Users/jirka/IdeaProjects/deriva-commons/src/main/java/cz/deriva/commons/exceptions/EntityNotFoundException.java
/Users/jirka/IdeaProjects/deriva-commons/src/main/java/cz/deriva/commons/communication/websocket/dto/WebsocketMessageReceivedEvent.java
/Users/jirka/IdeaProjects/deriva-commons/src/main/java/cz/deriva/commons/utils/AssertUtils.java
/Users/jirka/IdeaProjects/deriva-commons/src/main/java/cz/deriva/commons/data/domain/ActionType.java
/Users/jirka/IdeaProjects/deriva-commons/src/main/java/cz/deriva/commons/communication/websocket/client/WebsocketManager.java
