cz/deriva/commons/DateTimeUtilsTest$LocalTimeInUtc.class
cz/deriva/commons/DateTimeUtilsTest.class
cz/deriva/commons/DateTimeUtilsTest$toUnixtimestamp.class
cz/deriva/commons/DateTimeUtilsTest$ToDate.class
cz/deriva/commons/DateTimeUtilsTest$LocalDateWithTimeZone.class
cz/deriva/commons/StringUtilsTest$IsEmpty.class
cz/deriva/commons/DateTimeUtilsTest$ToString.class
cz/deriva/commons/DateTimeUtilsTest$fromUnixtimestampMilis.class
cz/deriva/commons/MathUtilsTest$Round.class
cz/deriva/commons/DateTimeUtilsTest$CeilingMinutes.class
cz/deriva/commons/utils/ObjectUtilsTest$SafeInteger.class
cz/deriva/commons/StringUtilsTest$isQuoted.class
cz/deriva/commons/ValidationUtilsTest$ListEqualsIgnoreOrder.class
cz/deriva/commons/DateTimeUtilsTest$ToUtcLocalDateTime.class
cz/deriva/commons/StringUtilsTest$isQuotedBy.class
cz/deriva/commons/MathUtilsTest.class
cz/deriva/commons/ValidationUtilsTest$Between.class
cz/deriva/commons/DateTimeUtilsTest$clock.class
cz/deriva/commons/ValidationUtilsTest.class
cz/deriva/commons/StringUtilsTest.class
cz/deriva/commons/StringUtilsTest$RemoveQuotes.class
cz/deriva/commons/StringUtilsTest$removeLastQuote.class
cz/deriva/commons/utils/ObjectUtilsTest$SafeLong.class
cz/deriva/commons/utils/ObjectUtilsTest.class
cz/deriva/commons/MathUtilsTest$RandomInteger.class
cz/deriva/commons/utils/ObjectUtilsTest$SafeBigDecimal.class
cz/deriva/commons/DateTimeUtilsTest$Range.class
cz/deriva/commons/DateTimeUtilsTest$toUnixtimestampMilis.class
cz/deriva/commons/DateTimeUtilsTest$Parse.class
cz/deriva/commons/StringUtilsTest$IsBlank.class
cz/deriva/commons/StringUtilsTest$removeFirstQuote.class
cz/deriva/commons/DateTimeUtilsTest$ToUtcZonedDateTime.class
